// Jest Snapshot v1, https://goo.gl/fbAQLP

exports[`it matches snapshot 1`] = `
<DocumentFragment>
  <div>
    <form>
      <label
        for="name"
      >
        New Todo:
      </label>
      <input
        id="name"
        name="name"
        type="text"
        value=""
      />
      <button>
        Add!
      </button>
    </form>
    <h2>
      Todos:
    </h2>
    <ul />
  </div>
</DocumentFragment>
`;
